// Jest Snapshot v1, https://goo.gl/fbAQLP

exports[`Book renders with correct props 1`] = `
<WithStyles(Card)
  className={null}
  key="9780736917728"
  style={
    Object {
      "margin": "6px",
      "maxHeight": 461,
      "maxWidth": 200,
      "padding": "5px",
    }
  }
>
  <div>
    <WithStyles(Typography)
      component="span"
      variant="body1"
    >
      <EditableLabel
        inputHeight="25px"
        inputWidth="190px"
        onFocus={[Function]}
        onFocusOut={[Function]}
        text="Raising a Daughter After God's Own Heart"
      />
    </WithStyles(Typography)>
    <WithStyles(Typography)
      component="span"
      variant="caption"
    >
      <EditableLabel
        inputHeight="25px"
        inputWidth="190px"
        onFocus={[Function]}
        onFocusOut={[Function]}
        text=""
      />
    </WithStyles(Typography)>
  </div>
  <WithStyles(CardMedia)
    image="http://books.google.com/books/content?id=K_AhmQEACAAJ&printsec=frontcover&img=1&zoom=1&source=gbs_api"
    title="Raising a Daughter After God's Own Heart"
  />
  <WithStyles(CardContent)>
    <EditableLabel
      inputHeight="25px"
      inputWidth="190px"
      onFocus={[Function]}
      onFocusOut={[Function]}
      text="Elizabeth George, bestselling author and mother of two daughters, provides biblical insight and guidance for every mom who wants to lead their daughter to a godly life through example, study, and prayer. Elizabeth includes questions to draw moms and daughter closer as together they pu..."
    />
  </WithStyles(CardContent)>
  <div>
    <WithStyles(IconButton)
      aria-label="Unread"
    >
      <pure(BookOutlinedIcon)
        fontSize="large"
      />
    </WithStyles(IconButton)>
    <WithStyles(IconButton)
      aria-expanded={false}
      aria-label="Show more"
      onClick={[Function]}
    >
      <pure(ExpandMoreIcon) />
    </WithStyles(IconButton)>
    <WithStyles(Typography)>
      4.226
    </WithStyles(Typography)>
  </div>
  <WithStyles(Collapse)
    in={false}
    timeout="auto"
    unmountOnExit={true}
  >
    <WithStyles(CardContent)
      style={
        Object {
          "textAlign": "center",
        }
      }
    >
      <WithStyles(Typography)
        component="span"
        style={
          Object {
            "display": "inline-flex",
          }
        }
      >
        ISBN:
         
        <EditableLabel
          inputHeight="25px"
          inputWidth="100px"
          onFocus={[Function]}
          onFocusOut={[Function]}
          text="9780736917728"
        />
      </WithStyles(Typography)>
      <WithStyles(Typography)
        component="span"
        style={
          Object {
            "display": "inline-flex",
          }
        }
      >
        Amazon Rating:
         
        <EditableLabel
          inputHeight="25px"
          inputWidth="75px"
          onFocus={[Function]}
          onFocusOut={[Function]}
          text="4.6"
        />
      </WithStyles(Typography)>
      <WithStyles(Typography)
        component="span"
        style={
          Object {
            "display": "inline-flex",
          }
        }
      >
        Goodreads Rating:
         
        <EditableLabel
          inputHeight="25px"
          inputWidth="75px"
          onFocus={[Function]}
          onFocusOut={[Function]}
          text="4.24"
        />
      </WithStyles(Typography)>
      <WithStyles(Typography)
        component="span"
        style={
          Object {
            "display": "inline-flex",
          }
        }
      >
        Amazon Review:
         
        <EditableLabel
          inputHeight="25px"
          inputWidth="75px"
          onFocus={[Function]}
          onFocusOut={[Function]}
          text="20"
        />
      </WithStyles(Typography)>
      <WithStyles(Typography)
        component="span"
        style={
          Object {
            "display": "inline-flex",
          }
        }
      >
        Goodreads Review:
         
        <EditableLabel
          inputHeight="25px"
          inputWidth="75px"
          onFocus={[Function]}
          onFocusOut={[Function]}
          text="148"
        />
      </WithStyles(Typography)>
      <WithStyles(Typography)
        component="span"
        style={
          Object {
            "display": "inline-flex",
          }
        }
      >
        Category:
         
        <EditableLabel
          inputHeight="25px"
          inputWidth="75px"
          onFocus={[Function]}
          onFocusOut={[Function]}
          text="Religion"
        />
      </WithStyles(Typography)>
    </WithStyles(CardContent)>
  </WithStyles(Collapse)>
</WithStyles(Card)>
`;

exports[`Book renders with no props 1`] = `""`;
