// Jest Snapshot v1, https://goo.gl/fbAQLP

exports[`Tooltip renders correctly with no content in props 1`] = `""`;

exports[`Tooltip renders with correct props 1`] = `"<div style=\\"width:100px\\"><span style=\\"display:flex;flex-direction:row;justify-content:space-between\\"><p class=\\"MuiTypography-root-1 MuiTypography-body1-10\\" style=\\"color:white\\">Amazon</p><svg class=\\"MuiSvgIcon-root-37 MuiSvgIcon-fontSizeSmall-44\\" focusable=\\"false\\" viewBox=\\"0 0 24 24\\" aria-hidden=\\"true\\" role=\\"presentation\\" style=\\"color:green\\"><path d=\\"M12 2C6.48 2 2 6.48 2 12s4.48 10 10 10 10-4.48 10-10S17.52 2 12 2zm0 18c-4.42 0-8-3.58-8-8s3.58-8 8-8 8 3.58 8 8-3.58 8-8 8z\\"></path><path fill=\\"none\\" d=\\"M0 0h24v24H0z\\"></path></svg></span></div>"`;

exports[`Tooltip renders with correct props 2`] = `"<div style=\\"width:100px\\"><span style=\\"display:flex;flex-direction:row;justify-content:space-between\\"><p class=\\"MuiTypography-root-1 MuiTypography-body1-10\\" style=\\"color:white\\">Amazon</p><svg class=\\"MuiSvgIcon-root-37\\" focusable=\\"false\\" viewBox=\\"0 0 24 24\\" aria-hidden=\\"true\\" role=\\"presentation\\" style=\\"color:#64b5f6\\"><path fill=\\"none\\" d=\\"M0 0h24v24H0z\\"></path><path d=\\"M12 2C6.48 2 2 6.48 2 12s4.48 10 10 10 10-4.48 10-10S17.52 2 12 2zm1 15h-2v-6h2v6zm0-8h-2V7h2v2z\\"></path></svg></span></div>"`;

exports[`Tooltip renders with correct props 3`] = `"<div style=\\"width:100px\\"><span style=\\"display:flex;flex-direction:row;justify-content:space-between\\"><p class=\\"MuiTypography-root-1 MuiTypography-body1-10\\" style=\\"color:white\\">Amazon</p><div class=\\"MuiCircularProgress-root-46 MuiCircularProgress-colorPrimary-49 MuiCircularProgress-indeterminate-48\\" style=\\"width:18px;height:18px;color:yellow;margin-top:1px\\" role=\\"progressbar\\"><svg class=\\"MuiCircularProgress-svg-51\\" viewBox=\\"22 22 44 44\\"><circle class=\\"MuiCircularProgress-circle-52 MuiCircularProgress-circleIndeterminate-54\\" cx=\\"44\\" cy=\\"44\\" r=\\"20\\" fill=\\"none\\" stroke-width=\\"4\\"></circle></svg></div></span></div>"`;

exports[`Tooltip renders with correct props 4`] = `"<div style=\\"width:100px\\"><span style=\\"display:flex;flex-direction:row;justify-content:space-between\\"><p class=\\"MuiTypography-root-1 MuiTypography-body1-10\\" style=\\"color:white\\">Amazon</p><svg class=\\"MuiSvgIcon-root-37\\" focusable=\\"false\\" viewBox=\\"0 0 24 24\\" aria-hidden=\\"true\\" role=\\"presentation\\" style=\\"color:green\\"><path fill=\\"none\\" d=\\"M0 0h24v24H0z\\"></path><path d=\\"M12 2C6.48 2 2 6.48 2 12s4.48 10 10 10 10-4.48 10-10S17.52 2 12 2zm-2 15l-5-5 1.41-1.41L10 14.17l7.59-7.59L19 8l-9 9z\\"></path></svg></span></div>"`;

exports[`Tooltip renders with correct props 5`] = `"<div style=\\"width:100px\\"><span style=\\"display:flex;flex-direction:row;justify-content:space-between\\"><p class=\\"MuiTypography-root-1 MuiTypography-body1-10\\" style=\\"color:white\\">Amazon</p><svg class=\\"MuiSvgIcon-root-37\\" focusable=\\"false\\" viewBox=\\"0 0 24 24\\" aria-hidden=\\"true\\" role=\\"presentation\\" style=\\"color:red\\"><path fill=\\"none\\" d=\\"M0 0h24v24H0z\\"></path><path d=\\"M12 2C6.48 2 2 6.48 2 12s4.48 10 10 10 10-4.48 10-10S17.52 2 12 2zm1 15h-2v-2h2v2zm0-4h-2V7h2v6z\\"></path></svg></span></div>"`;

exports[`Tooltip renders with no props 1`] = `""`;
